[wowtheme7.com/tf/agiletech/index-5.html]
[backblue.gif]
[fade.gif]
[index.html]
[wowtheme7.com/tf/agiletech/assets/img/favicon.png]
[wowtheme7.com/tf/agiletech/assets/css/animate.min.css]
[wowtheme7.com/tf/agiletech/assets/css/bootstrap.min.css]
[wowtheme7.com/tf/agiletech/assets/css/fontawesome.min.css]
[wowtheme7.com/tf/agiletech/assets/css/nice-select.min.css]
[wowtheme7.com/tf/agiletech/assets/css/magnific.min.css]
[wowtheme7.com/tf/agiletech/assets/css/slick.min.css]
[wowtheme7.com/tf/agiletech/assets/css/owl.min.css]
[wowtheme7.com/tf/agiletech/assets/css/style.css]
[wowtheme7.com/tf/agiletech/assets/css/style-sky-blue.css]
[wowtheme7.com/tf/agiletech/assets/css/responsive.css]
[wowtheme7.com/tf/agiletech/index.html]
[wowtheme7.com/tf/agiletech/assets/img/logo3.png]
[wowtheme7.com/tf/agiletech/index-1.html]
[wowtheme7.com/tf/agiletech/index-2.html]
[wowtheme7.com/tf/agiletech/index-3.html]
[wowtheme7.com/tf/agiletech/index-4.html]
[wowtheme7.com/tf/agiletech/index-6.html]
[wowtheme7.com/tf/agiletech/index-7.html]
[wowtheme7.com/tf/agiletech/index-8.html]
[wowtheme7.com/tf/agiletech/index-9.html]
[wowtheme7.com/tf/agiletech/index-10.html]
[wowtheme7.com/tf/agiletech/service.html]
[wowtheme7.com/tf/agiletech/service-2.html]
[wowtheme7.com/tf/agiletech/service-3.html]
[wowtheme7.com/tf/agiletech/service-4.html]
[wowtheme7.com/tf/agiletech/service-5.html]
[wowtheme7.com/tf/agiletech/service-details.html]
[wowtheme7.com/tf/agiletech/about.html]
[wowtheme7.com/tf/agiletech/team.html]
[wowtheme7.com/tf/agiletech/team-2.html]
[wowtheme7.com/tf/agiletech/team-3.html]
[wowtheme7.com/tf/agiletech/team-details.html]
[wowtheme7.com/tf/agiletech/pricing.html]
[wowtheme7.com/tf/agiletech/pricing-2.html]
[wowtheme7.com/tf/agiletech/project.html]
[wowtheme7.com/tf/agiletech/project-2.html]
[wowtheme7.com/tf/agiletech/project-3.html]
[wowtheme7.com/tf/agiletech/project-details.html]
[wowtheme7.com/tf/agiletech/blog.html]
[wowtheme7.com/tf/agiletech/blog-2.html]
[wowtheme7.com/tf/agiletech/blog-3.html]
[wowtheme7.com/tf/agiletech/blog-4.html]
[wowtheme7.com/tf/agiletech/blog-details.html]
[wowtheme7.com/tf/agiletech/contact.html]
[wowtheme7.com/tf/agiletech/assets/img/banner-5/5.png]
[wowtheme7.com/tf/agiletech/assets/img/video.svg]
[wowtheme7.com/tf/agiletech/assets/img/banner-5/4.png]
[wowtheme7.com/tf/agiletech/assets/img/banner-5/3.png]
[wowtheme7.com/tf/agiletech/assets/img/banner-5/1.png]
[wowtheme7.com/tf/agiletech/assets/img/about/20.png]
[wowtheme7.com/tf/agiletech/assets/img/about/21.png]
[wowtheme7.com/tf/agiletech/assets/img/service-icon/7.svg]
[wowtheme7.com/tf/agiletech/assets/img/service-icon/8.svg]
[wowtheme7.com/tf/agiletech/assets/img/service-icon/9.svg]
[wowtheme7.com/tf/agiletech/assets/img/about/22.png]
[wowtheme7.com/tf/agiletech/assets/img/service-icon/10.svg]
[wowtheme7.com/tf/agiletech/assets/img/service-icon/11.svg]
[wowtheme7.com/tf/agiletech/assets/img/service-icon/12.svg]
[wowtheme7.com/tf/agiletech/assets/img/service/11.png]
[wowtheme7.com/tf/agiletech/assets/img/service/12.png]
[wowtheme7.com/tf/agiletech/assets/img/service/13.png]
[wowtheme7.com/tf/agiletech/assets/img/service/15.png]
[wowtheme7.com/tf/agiletech/assets/img/about/24.png]
[wowtheme7.com/tf/agiletech/assets/img/about/23.png]
[wowtheme7.com/tf/agiletech/assets/img/about/25.png]
[wowtheme7.com/tf/agiletech/assets/img/about/26.png]
[wowtheme7.com/tf/agiletech/assets/img/about/27.png]
[wowtheme7.com/tf/agiletech/assets/img/bg/15.png]
[wowtheme7.com/tf/agiletech/assets/img/team/1.png]
[wowtheme7.com/tf/agiletech/assets/img/team/2.png]
[wowtheme7.com/tf/agiletech/assets/img/team/3.png]
[wowtheme7.com/tf/agiletech/assets/img/bg/16.png]
[wowtheme7.com/tf/agiletech/assets/img/about/29.png]
[wowtheme7.com/tf/agiletech/assets/img/icon/36.svg]
[wowtheme7.com/tf/agiletech/assets/img/about/30.png]
[wowtheme7.com/tf/agiletech/assets/img/icon/37.svg]
[wowtheme7.com/tf/agiletech/assets/img/icon/38.svg]
[wowtheme7.com/tf/agiletech/assets/img/icon/39.svg]
[wowtheme7.com/tf/agiletech/assets/img/about/28.png]
[wowtheme7.com/tf/agiletech/assets/img/testimonial/12.png]
[wowtheme7.com/tf/agiletech/assets/img/blog/4.png]
[wowtheme7.com/tf/agiletech/assets/img/testimonial/1.png]
[wowtheme7.com/tf/agiletech/assets/img/blog/5.png]
[wowtheme7.com/tf/agiletech/assets/img/blog/6.png]
[wowtheme7.com/tf/agiletech/assets/img/bg/14.png]
[wowtheme7.com/tf/agiletech/assets/img/icon/40.svg]
[wowtheme7.com/tf/agiletech/assets/js/jquery.min.js]
[wowtheme7.com/tf/agiletech/assets/js/bootstrap.min.js]
[wowtheme7.com/tf/agiletech/assets/js/magnific.min.js]
[wowtheme7.com/tf/agiletech/assets/js/nice-select.min.js]
[wowtheme7.com/tf/agiletech/assets/js/slick.min.js]
[wowtheme7.com/tf/agiletech/assets/js/owl.min.js]
[wowtheme7.com/tf/agiletech/assets/js/counter-up.min.js]
[wowtheme7.com/tf/agiletech/assets/js/waypoint.min.js]
[wowtheme7.com/tf/agiletech/assets/js/wow.min.js]
[wowtheme7.com/tf/agiletech/assets/js/main.js]
[wowtheme7.com/tf/agiletech/index-5.html]
[wowtheme7.com/tf/agiletech/assets/css/bootstrap.min.css]
[wowtheme7.com/tf/agiletech/assets/css/animate.min.css]
[wowtheme7.com/tf/agiletech/assets/webfonts/fa-brands-400.woff2]
[wowtheme7.com/tf/agiletech/assets/webfonts/fa-brands-400.eot]
[wowtheme7.com/tf/agiletech/assets/webfonts/fa-brands-400d41d.eot]
[wowtheme7.com/tf/agiletech/assets/webfonts/fa-brands-400.woff]
[wowtheme7.com/tf/agiletech/assets/js/fontawesome.min.js]
[wowtheme7.com/tf/agiletech/assets/webfonts/fa-brands-400.ttf]
[wowtheme7.com/tf/agiletech/assets/webfonts/fa-brands-400.svg]
[wowtheme7.com/tf/agiletech/assets/webfonts/fa-regular-400.eot]
[wowtheme7.com/tf/agiletech/assets/webfonts/fa-regular-400d41d.eot]
[wowtheme7.com/tf/agiletech/assets/webfonts/fa-regular-400.woff2]
[wowtheme7.com/tf/agiletech/assets/webfonts/fa-regular-400.woff]
[wowtheme7.com/tf/agiletech/assets/webfonts/fa-regular-400.ttf]
[wowtheme7.com/tf/agiletech/assets/webfonts/fa-regular-400.svg]
[wowtheme7.com/tf/agiletech/assets/webfonts/fa-solid-900.woff2]
[wowtheme7.com/tf/agiletech/assets/webfonts/fa-solid-900d41d.eot]
[wowtheme7.com/tf/agiletech/assets/webfonts/fa-solid-900.eot]
[wowtheme7.com/tf/agiletech/assets/webfonts/fa-solid-900.woff]
[wowtheme7.com/tf/agiletech/assets/css/fontawesome.min.css]
[wowtheme7.com/tf/agiletech/assets/css/nice-select.min.css]
[wowtheme7.com/tf/agiletech/assets/css/magnific.min.css]
[wowtheme7.com/tf/agiletech/assets/css/slick.min.css]
[wowtheme7.com/tf/agiletech/assets/css/owl.min.css]
[wowtheme7.com/tf/agiletech/assets/css/style.css]
[wowtheme7.com/tf/agiletech/assets/css/style-sky-blue.css]
[wowtheme7.com/tf/agiletech/assets/css/responsive.css]
[wowtheme7.com/tf/agiletech/demo-landing/img/favicon.png]
[wowtheme7.com/tf/agiletech/demo-landing/css/bootstrap.min.css]
[wowtheme7.com/tf/agiletech/assets/webfonts/fa-solid-900.svg]
[wowtheme7.com/tf/agiletech/demo-landing/css/animate.css]
[wowtheme7.com/tf/agiletech/assets/webfonts/fa-solid-900.ttf]
[wowtheme7.com/tf/agiletech/demo-landing/css/font-awesome.min.css]
[wowtheme7.com/tf/agiletech/demo-landing/css/mfp.min.css]
[wowtheme7.com/tf/agiletech/demo-landing/css/style.css]
[wowtheme7.com/tf/agiletech/demo-landing/img/logo.png]
[wowtheme7.com/tf/agiletech/demo-landing/img/add-to-cart.svg]
[wowtheme7.com/tf/agiletech/demo-landing/img/01.png]
[wowtheme7.com/tf/agiletech/demo-landing/img/00.png]
[wowtheme7.com/tf/agiletech/demo-landing/img/1.jpg]
[wowtheme7.com/tf/agiletech/demo-landing/img/2.jpg]
[wowtheme7.com/tf/agiletech/demo-landing/img/3.jpg]
[wowtheme7.com/tf/agiletech/demo-landing/img/4.jpg]
[wowtheme7.com/tf/agiletech/demo-landing/img/5.jpg]
[wowtheme7.com/tf/agiletech/demo-landing/img/6.jpg]
[wowtheme7.com/tf/agiletech/demo-landing/img/7.jpg]
[wowtheme7.com/tf/agiletech/demo-landing/img/8.jpg]
[wowtheme7.com/tf/agiletech/demo-landing/img/9.jpg]
[wowtheme7.com/tf/agiletech/demo-landing/img/12.jpg]
[wowtheme7.com/tf/agiletech/demo-landing/img/rtl-1.png]
[wowtheme7.com/tf/agiletech/demo-landing/img/about.png]
[wowtheme7.com/tf/agiletech/demo-landing/img/portfolio.png]
[wowtheme7.com/tf/agiletech/demo-landing/img/portfolio-details.png]
[wowtheme7.com/tf/agiletech/demo-landing/img/team.png]
[wowtheme7.com/tf/agiletech/demo-landing/img/team-details.png]
[wowtheme7.com/tf/agiletech/demo-landing/img/blog.png]
[wowtheme7.com/tf/agiletech/demo-landing/img/blog-details.png]
[wowtheme7.com/tf/agiletech/demo-landing/img/contact.png]
[wowtheme7.com/tf/agiletech/demo-landing/img/header.png]
[wowtheme7.com/tf/agiletech/demo-landing/img/header2.png]
[wowtheme7.com/tf/agiletech/demo-landing/img/header3.png]
[wowtheme7.com/tf/agiletech/demo-landing/img/header4.png]
[wowtheme7.com/tf/agiletech/demo-landing/img/footer.png]
[wowtheme7.com/tf/agiletech/demo-landing/img/footer2.png]
[wowtheme7.com/tf/agiletech/demo-landing/img/footer3.png]
[wowtheme7.com/tf/agiletech/demo-landing/img/footer4.png]
[wowtheme7.com/tf/agiletech/demo-landing/img/featured/3.png]
[wowtheme7.com/tf/agiletech/demo-landing/img/featured/1.png]
[wowtheme7.com/tf/agiletech/demo-landing/img/featured/4.png]
[wowtheme7.com/tf/agiletech/demo-landing/img/featured/2.png]
[wowtheme7.com/tf/agiletech/demo-landing/img/featured/5.png]
[wowtheme7.com/tf/agiletech/demo-landing/img/featured/6.png]
[wowtheme7.com/tf/agiletech/demo-landing/img/featured/7.png]
[wowtheme7.com/tf/agiletech/demo-landing/img/featured/8.png]
[wowtheme7.com/tf/agiletech/demo-landing/img/featured/9.png]
[wowtheme7.com/tf/agiletech/demo-landing/img/featured/10.png]
[wowtheme7.com/tf/agiletech/demo-landing/img/featured/12.png]
[wowtheme7.com/tf/agiletech/demo-landing/img/featured/11.png]
[wowtheme7.com/tf/agiletech/demo-landing/img/featured/14.png]
[wowtheme7.com/tf/agiletech/demo-landing/img/featured/15.png]
[wowtheme7.com/tf/agiletech/demo-landing/img/featured/13.png]
[wowtheme7.com/tf/agiletech/demo-landing/js/jquery.min.js]
[wowtheme7.com/tf/agiletech/demo-landing/js/bootstrap.min.js]
[wowtheme7.com/tf/agiletech/demo-landing/js/counter.js]
[wowtheme7.com/tf/agiletech/demo-landing/js/waypoints.js]
[wowtheme7.com/tf/agiletech/demo-landing/js/wow.js]
[wowtheme7.com/tf/agiletech/demo-landing/js/demos.js]
[wowtheme7.com/tf/agiletech/demo-landing/js/main.js]
[wowtheme7.com/tf/agiletech/index.html]
[wowtheme7.com/tf/agiletech/assets/img/logo.png]
[wowtheme7.com/tf/agiletech/assets/img/icon/1.png]
[wowtheme7.com/tf/agiletech/assets/img/banner/0.png]
[wowtheme7.com/tf/agiletech/assets/img/banner/2.png]
[wowtheme7.com/tf/agiletech/assets/img/banner/5.svg]
[wowtheme7.com/tf/agiletech/assets/img/banner/3.svg]
[wowtheme7.com/tf/agiletech/assets/img/banner/1.png]
[wowtheme7.com/tf/agiletech/assets/img/about/2.png]
[wowtheme7.com/tf/agiletech/assets/img/about/3.png]
[wowtheme7.com/tf/agiletech/assets/img/about/1.png]
[wowtheme7.com/tf/agiletech/assets/img/icon/2.png]
[wowtheme7.com/tf/agiletech/assets/img/icon/3.png]
[wowtheme7.com/tf/agiletech/assets/img/icon/4.png]
[wowtheme7.com/tf/agiletech/assets/img/service-icon/1.png]
[wowtheme7.com/tf/agiletech/assets/img/service-icon/2.png]
[wowtheme7.com/tf/agiletech/assets/img/service-icon/3.png]
[wowtheme7.com/tf/agiletech/assets/img/bg/3.png]
[wowtheme7.com/tf/agiletech/assets/img/about/4.png]
[wowtheme7.com/tf/agiletech/assets/img/about/5.png]
[wowtheme7.com/tf/agiletech/assets/img/case-study/1.png]
[wowtheme7.com/tf/agiletech/assets/img/case-study/2.png]
[wowtheme7.com/tf/agiletech/assets/img/case-study/3.png]
[wowtheme7.com/tf/agiletech/assets/img/bg/5.png]
[wowtheme7.com/tf/agiletech/assets/img/icon/5.svg]
[wowtheme7.com/tf/agiletech/assets/img/icon/6.svg]
[wowtheme7.com/tf/agiletech/assets/img/icon/7.svg]
[wowtheme7.com/tf/agiletech/assets/img/icon/8.svg]
[wowtheme7.com/tf/agiletech/assets/img/about/6.png]
[wowtheme7.com/tf/agiletech/assets/img/bg/4.png]
[wowtheme7.com/tf/agiletech/assets/img/icon/9.svg]
[wowtheme7.com/tf/agiletech/assets/img/icon/10.svg]
[wowtheme7.com/tf/agiletech/assets/img/icon/11.svg]
[wowtheme7.com/tf/agiletech/assets/img/icon/12.svg]
[wowtheme7.com/tf/agiletech/assets/img/bg/6.png]
[wowtheme7.com/tf/agiletech/assets/img/logo2.png]
[wowtheme7.com/tf/agiletech/assets/img/widget/1.png]
[wowtheme7.com/tf/agiletech/assets/img/widget/2.png]
[wowtheme7.com/tf/agiletech/index-1.html]
[wowtheme7.com/tf/agiletech/assets/img/bg/8.png]
[wowtheme7.com/tf/agiletech/assets/img/banner-2/3.png]
[wowtheme7.com/tf/agiletech/assets/img/banner-2/4.png]
[wowtheme7.com/tf/agiletech/assets/img/banner-2/5.png]
[wowtheme7.com/tf/agiletech/assets/img/banner-2/2.png]
[wowtheme7.com/tf/agiletech/assets/img/banner-2/1.png]
[wowtheme7.com/tf/agiletech/assets/img/about/10.png]
[wowtheme7.com/tf/agiletech/assets/img/service/4.png]
[wowtheme7.com/tf/agiletech/assets/img/service/8.png]
[wowtheme7.com/tf/agiletech/assets/img/service/5.png]
[wowtheme7.com/tf/agiletech/assets/img/service/9.png]
[wowtheme7.com/tf/agiletech/assets/img/service/6.png]
[wowtheme7.com/tf/agiletech/assets/img/service/10.png]
[wowtheme7.com/tf/agiletech/assets/img/bg/10.png]
[wowtheme7.com/tf/agiletech/assets/img/icon/16.svg]
[wowtheme7.com/tf/agiletech/assets/img/icon/17.svg]
[wowtheme7.com/tf/agiletech/assets/img/icon/18.svg]
[wowtheme7.com/tf/agiletech/assets/img/icon/19.svg]
[wowtheme7.com/tf/agiletech/assets/img/bg/9.png]
[wowtheme7.com/tf/agiletech/assets/img/icon/20.svg]
[wowtheme7.com/tf/agiletech/assets/img/icon/21.svg]
[wowtheme7.com/tf/agiletech/assets/img/icon/22.svg]
[wowtheme7.com/tf/agiletech/assets/img/icon/23.svg]
[wowtheme7.com/tf/agiletech/assets/img/bg/11.png]
[wowtheme7.com/tf/agiletech/assets/img/icon/25.png]
[wowtheme7.com/tf/agiletech/assets/img/testimonial/2.png]
[wowtheme7.com/tf/agiletech/assets/img/testimonial/3.png]
[wowtheme7.com/tf/agiletech/index-2.html]
[wowtheme7.com/tf/agiletech/assets/img/banner-3/5.png]
[wowtheme7.com/tf/agiletech/assets/img/banner-3/4.png]
[wowtheme7.com/tf/agiletech/assets/img/banner-3/2.svg]
[wowtheme7.com/tf/agiletech/assets/img/banner-3/3.svg]
[wowtheme7.com/tf/agiletech/assets/img/banner-3/1.png]
[wowtheme7.com/tf/agiletech/assets/img/about/11.png]
[wowtheme7.com/tf/agiletech/assets/img/client/1.svg]
[wowtheme7.com/tf/agiletech/assets/img/client/2.svg]
[wowtheme7.com/tf/agiletech/assets/img/client/3.svg]
[wowtheme7.com/tf/agiletech/assets/img/client/4.svg]
[wowtheme7.com/tf/agiletech/assets/img/client/5.svg]
[wowtheme7.com/tf/agiletech/assets/img/client/6.svg]
[wowtheme7.com/tf/agiletech/assets/img/about/12.png]
[wowtheme7.com/tf/agiletech/assets/img/icon/26.svg]
[wowtheme7.com/tf/agiletech/assets/img/testimonial/4.png]
[wowtheme7.com/tf/agiletech/assets/img/testimonial/5.png]
[wowtheme7.com/tf/agiletech/assets/img/testimonial/6.png]
[wowtheme7.com/tf/agiletech/assets/img/testimonial/7.png]
[wowtheme7.com/tf/agiletech/assets/img/testimonial/8.png]
[wowtheme7.com/tf/agiletech/assets/img/testimonial/9.png]
[wowtheme7.com/tf/agiletech/assets/img/icon/27.svg]
[wowtheme7.com/tf/agiletech/assets/img/icon/28.svg]
[wowtheme7.com/tf/agiletech/assets/img/icon/29.svg]
[wowtheme7.com/tf/agiletech/assets/img/icon/30.svg]
[wowtheme7.com/tf/agiletech/index-3.html]
[wowtheme7.com/tf/agiletech/assets/img/banner-4/1.png]
[wowtheme7.com/tf/agiletech/assets/img/about/14.png]
[wowtheme7.com/tf/agiletech/assets/img/about/13.png]
[wowtheme7.com/tf/agiletech/assets/img/icon/31.svg]
[wowtheme7.com/tf/agiletech/assets/img/icon/32.svg]
[wowtheme7.com/tf/agiletech/assets/img/about/15.png]
[wowtheme7.com/tf/agiletech/assets/img/bg/12.png]
[wowtheme7.com/tf/agiletech/assets/img/team/4.png]
[wowtheme7.com/tf/agiletech/assets/img/team/5.png]
[wowtheme7.com/tf/agiletech/assets/img/team/6.png]
[wowtheme7.com/tf/agiletech/assets/img/about/16.png]
[wowtheme7.com/tf/agiletech/assets/img/about/17.png]
[wowtheme7.com/tf/agiletech/assets/img/gallery/1.png]
[wowtheme7.com/tf/agiletech/assets/img/gallery/5.png]
[wowtheme7.com/tf/agiletech/assets/img/gallery/6.png]
[wowtheme7.com/tf/agiletech/assets/img/gallery/2.png]
[wowtheme7.com/tf/agiletech/assets/img/gallery/7.png]
[wowtheme7.com/tf/agiletech/assets/img/gallery/3.png]
[wowtheme7.com/tf/agiletech/assets/img/gallery/4.png]
[wowtheme7.com/tf/agiletech/assets/img/gallery/8.png]
[wowtheme7.com/tf/agiletech/assets/img/about/18.png]
[wowtheme7.com/tf/agiletech/assets/img/about/19.png]
[wowtheme7.com/tf/agiletech/assets/img/bg/13.png]
[wowtheme7.com/tf/agiletech/assets/img/testimonial/0.png]
[wowtheme7.com/tf/agiletech/assets/img/testimonial/10.png]
[wowtheme7.com/tf/agiletech/assets/img/testimonial/01.png]
[wowtheme7.com/tf/agiletech/assets/img/testimonial/11.png]
[wowtheme7.com/tf/agiletech/assets/img/icon/33.svg]
[wowtheme7.com/tf/agiletech/assets/img/icon/34.svg]
[wowtheme7.com/tf/agiletech/assets/img/icon/35.svg]
[wowtheme7.com/tf/agiletech/assets/img/client/7.svg]
[wowtheme7.com/tf/agiletech/assets/img/client/8.svg]
[wowtheme7.com/tf/agiletech/assets/img/client/9.svg]
[wowtheme7.com/tf/agiletech/assets/img/client/11.svg]
[wowtheme7.com/tf/agiletech/index-4.html]
[wowtheme7.com/tf/agiletech/assets/css/style-pink.css]
[wowtheme7.com/tf/agiletech/assets/img/home-8/logo.png]
[wowtheme7.com/tf/agiletech/assets/img/home-8/1.png]
[wowtheme7.com/tf/agiletech/assets/img/home-8/2.png]
[wowtheme7.com/tf/agiletech/assets/img/home-8/7.png]
[wowtheme7.com/tf/agiletech/assets/img/home-8/3.png]
[wowtheme7.com/tf/agiletech/assets/img/home-8/4.png]
[wowtheme7.com/tf/agiletech/assets/img/home-8/5.png]
[wowtheme7.com/tf/agiletech/assets/img/home-8/6.png]
[wowtheme7.com/tf/agiletech/assets/img/home-8/8.png]
[wowtheme7.com/tf/agiletech/assets/img/home-8/9.png]
[wowtheme7.com/tf/agiletech/assets/img/home-8/10.png]
[wowtheme7.com/tf/agiletech/assets/img/home-8/11.png]
[wowtheme7.com/tf/agiletech/assets/img/home-8/12.png]
[wowtheme7.com/tf/agiletech/assets/img/home-8/13.png]
[wowtheme7.com/tf/agiletech/assets/img/home-8/14.png]
[wowtheme7.com/tf/agiletech/assets/img/home-8/15.png]
[wowtheme7.com/tf/agiletech/assets/img/home-8/16.png]
[wowtheme7.com/tf/agiletech/assets/img/home-8/17.png]
[wowtheme7.com/tf/agiletech/assets/img/home-8/18.png]
[wowtheme7.com/tf/agiletech/assets/img/home-8/19.png]
[wowtheme7.com/tf/agiletech/assets/img/home-8/23.png]
[wowtheme7.com/tf/agiletech/assets/img/home-8/20.png]
[wowtheme7.com/tf/agiletech/assets/img/home-8/24.png]
[wowtheme7.com/tf/agiletech/assets/img/home-8/21.png]
[wowtheme7.com/tf/agiletech/assets/img/home-8/25.png]
[wowtheme7.com/tf/agiletech/assets/img/home-8/22.png]
[wowtheme7.com/tf/agiletech/assets/img/home-8/26.png]
[wowtheme7.com/tf/agiletech/assets/img/home-8/27.png]
[wowtheme7.com/tf/agiletech/assets/img/home-8/28.png]
[wowtheme7.com/tf/agiletech/assets/img/home-8/29.png]
[wowtheme7.com/tf/agiletech/assets/img/home-8/30.png]
[wowtheme7.com/tf/agiletech/assets/img/home-8/31.png]
[wowtheme7.com/tf/agiletech/assets/img/home-8/32.png]
[wowtheme7.com/tf/agiletech/assets/img/home-8/34.png]
[wowtheme7.com/tf/agiletech/assets/img/home-8/35.png]
[wowtheme7.com/tf/agiletech/assets/img/home-8/36.png]
[wowtheme7.com/tf/agiletech/assets/img/home-8/37.png]
[wowtheme7.com/tf/agiletech/assets/img/home-8/38.png]
[wowtheme7.com/tf/agiletech/assets/img/home-8/39.png]
[wowtheme7.com/tf/agiletech/assets/img/home-8/40.png]
[wowtheme7.com/tf/agiletech/assets/img/home-8/41.png]
[wowtheme7.com/tf/agiletech/assets/img/home-8/42.png]
[wowtheme7.com/tf/agiletech/assets/img/home-8/43.png]
[wowtheme7.com/tf/agiletech/assets/img/home-8/44.png]
[wowtheme7.com/tf/agiletech/assets/img/home-8/45.png]
[wowtheme7.com/tf/agiletech/assets/img/home-8/46.png]
[wowtheme7.com/tf/agiletech/assets/img/home-8/33.png]
[wowtheme7.com/tf/agiletech/assets/img/home-8/48.png]
[wowtheme7.com/tf/agiletech/assets/img/home-8/51.png]
[wowtheme7.com/tf/agiletech/assets/img/home-8/49.png]
[wowtheme7.com/tf/agiletech/assets/img/home-8/50.png]
[wowtheme7.com/tf/agiletech/assets/img/home-8/52.png]
[wowtheme7.com/tf/agiletech/assets/img/home-8/53.png]
[wowtheme7.com/tf/agiletech/assets/img/home-8/54.png]
[wowtheme7.com/tf/agiletech/assets/img/home-8/55.png]
[wowtheme7.com/tf/agiletech/assets/img/home-8/56.png]
[wowtheme7.com/tf/agiletech/assets/img/home-8/57.png]
[wowtheme7.com/tf/agiletech/assets/img/home-8/58.png]
[wowtheme7.com/tf/agiletech/assets/img/home-8/59.png]
[wowtheme7.com/tf/agiletech/assets/img/home-8/60.png]
[wowtheme7.com/tf/agiletech/assets/img/home-8/61.png]
[wowtheme7.com/tf/agiletech/assets/img/home-8/62.png]
[wowtheme7.com/tf/agiletech/assets/img/home-8/63.png]
[wowtheme7.com/tf/agiletech/index-6.html]
[wowtheme7.com/tf/agiletech/assets/img/bg/17.png]
[wowtheme7.com/tf/agiletech/assets/img/banner-6/1.png]
[wowtheme7.com/tf/agiletech/assets/img/about/32.png]
[wowtheme7.com/tf/agiletech/assets/img/about/31.png]
[wowtheme7.com/tf/agiletech/assets/img/about/33.png]
[wowtheme7.com/tf/agiletech/assets/img/home-6/1.png]
[wowtheme7.com/tf/agiletech/assets/img/home-6/2.png]
[wowtheme7.com/tf/agiletech/assets/img/home-6/3.png]
[wowtheme7.com/tf/agiletech/assets/img/home-6/4.png]
[wowtheme7.com/tf/agiletech/assets/img/home-6/5.png]
[wowtheme7.com/tf/agiletech/assets/img/home-6/6.png]
[wowtheme7.com/tf/agiletech/assets/img/home-6/12.png]
[wowtheme7.com/tf/agiletech/assets/img/home-6/7.png]
[wowtheme7.com/tf/agiletech/assets/img/home-6/8.png]
[wowtheme7.com/tf/agiletech/assets/img/home-6/9.png]
[wowtheme7.com/tf/agiletech/assets/img/home-6/10.png]
[wowtheme7.com/tf/agiletech/assets/img/home-6/11.png]
[wowtheme7.com/tf/agiletech/assets/img/home-6/13.png]
[wowtheme7.com/tf/agiletech/assets/img/home-6/14.png]
[wowtheme7.com/tf/agiletech/assets/img/home-6/15.png]
[wowtheme7.com/tf/agiletech/assets/img/home-6/16.png]
[wowtheme7.com/tf/agiletech/assets/img/home-6/17.png]
[wowtheme7.com/tf/agiletech/assets/img/home-6/18.png]
[wowtheme7.com/tf/agiletech/assets/img/home-6/19.png]
[wowtheme7.com/tf/agiletech/assets/img/home-6/20.png]
[wowtheme7.com/tf/agiletech/index-7.html]
[wowtheme7.com/tf/agiletech/assets/css/style-yellow.css]
[wowtheme7.com/tf/agiletech/assets/img/home-7/1.png]
[wowtheme7.com/tf/agiletech/assets/img/home-7/2.png]
[wowtheme7.com/tf/agiletech/assets/img/home-7/3.png]
[wowtheme7.com/tf/agiletech/assets/img/home-7/4.png]
[wowtheme7.com/tf/agiletech/assets/img/home-7/5.png]
[wowtheme7.com/tf/agiletech/assets/img/home-7/7.png]
[wowtheme7.com/tf/agiletech/assets/img/home-7/10.png]
[wowtheme7.com/tf/agiletech/assets/img/home-7/11.png]
[wowtheme7.com/tf/agiletech/assets/img/home-7/12.png]
[wowtheme7.com/tf/agiletech/assets/img/home-7/13.png]
[wowtheme7.com/tf/agiletech/assets/img/home-7/8.png]
[wowtheme7.com/tf/agiletech/assets/img/home-7/9.png]
[wowtheme7.com/tf/agiletech/assets/img/home-7/14.png]
[wowtheme7.com/tf/agiletech/assets/img/home-7/15.png]
[wowtheme7.com/tf/agiletech/assets/img/home-7/16.png]
[wowtheme7.com/tf/agiletech/assets/img/home-7/17.png]
[wowtheme7.com/tf/agiletech/assets/img/home-7/19.png]
[wowtheme7.com/tf/agiletech/assets/img/home-7/20.png]
[wowtheme7.com/tf/agiletech/assets/img/home-7/21.png]
[wowtheme7.com/tf/agiletech/assets/img/home-7/22.png]
[wowtheme7.com/tf/agiletech/assets/img/home-7/23.png]
[wowtheme7.com/tf/agiletech/assets/img/home-7/24.png]
[wowtheme7.com/tf/agiletech/assets/img/home-7/25.png]
[wowtheme7.com/tf/agiletech/index-8.html]
[wowtheme7.com/tf/agiletech/assets/css/style-purple.css]
[wowtheme7.com/tf/agiletech/assets/img/home-9/1.png]
[wowtheme7.com/tf/agiletech/assets/img/home-9/2.png]
[wowtheme7.com/tf/agiletech/assets/img/home-9/02.png]
[wowtheme7.com/tf/agiletech/assets/img/home-9/4.png]
[wowtheme7.com/tf/agiletech/assets/img/home-9/5.png]
[wowtheme7.com/tf/agiletech/assets/img/home-9/6.png]
[wowtheme7.com/tf/agiletech/assets/img/home-9/7.png]
[wowtheme7.com/tf/agiletech/assets/img/home-9/8.png]
[wowtheme7.com/tf/agiletech/assets/img/home-9/3.png]
[wowtheme7.com/tf/agiletech/assets/img/home-9/9.png]
[wowtheme7.com/tf/agiletech/assets/img/home-9/10.png]
[wowtheme7.com/tf/agiletech/assets/img/home-9/11.png]
[wowtheme7.com/tf/agiletech/assets/img/home-9/12.png]
[wowtheme7.com/tf/agiletech/assets/img/home-9/13.png]
[wowtheme7.com/tf/agiletech/assets/img/home-9/14.png]
[wowtheme7.com/tf/agiletech/assets/img/home-9/15.png]
[wowtheme7.com/tf/agiletech/assets/img/home-9/16.png]
[wowtheme7.com/tf/agiletech/assets/img/home-9/17.png]
[wowtheme7.com/tf/agiletech/assets/img/home-9/18.png]
[wowtheme7.com/tf/agiletech/assets/img/home-9/19.png]
[wowtheme7.com/tf/agiletech/assets/img/home-9/20.png]
[wowtheme7.com/tf/agiletech/assets/img/home-9/21.png]
[wowtheme7.com/tf/agiletech/assets/img/home-9/22.png]
[wowtheme7.com/tf/agiletech/assets/img/home-9/23.png]
[wowtheme7.com/tf/agiletech/assets/img/home-9/24.png]
[wowtheme7.com/tf/agiletech/assets/img/home-9/25.png]
[wowtheme7.com/tf/agiletech/assets/img/home-9/26.png]
[wowtheme7.com/tf/agiletech/assets/img/home-9/27.png]
[wowtheme7.com/tf/agiletech/index-9.html]
[wowtheme7.com/tf/agiletech/assets/css/style-red.css]
[wowtheme7.com/tf/agiletech/assets/img/home-10/12.png]
[wowtheme7.com/tf/agiletech/assets/img/home-10/logo.png]
[wowtheme7.com/tf/agiletech/assets/img/home-10/1.png]
[wowtheme7.com/tf/agiletech/assets/img/home-10/2.png]
[wowtheme7.com/tf/agiletech/assets/img/home-10/3.png]
[wowtheme7.com/tf/agiletech/assets/img/home-10/4.png]
[wowtheme7.com/tf/agiletech/assets/img/home-10/5.png]
[wowtheme7.com/tf/agiletech/assets/img/home-10/6.png]
[wowtheme7.com/tf/agiletech/assets/img/home-10/7.png]
[wowtheme7.com/tf/agiletech/assets/img/home-10/8.png]
[wowtheme7.com/tf/agiletech/assets/img/home-10/9.png]
[wowtheme7.com/tf/agiletech/assets/img/home-10/10.png]
[wowtheme7.com/tf/agiletech/assets/img/home-10/11.png]
[wowtheme7.com/tf/agiletech/assets/img/home-10/15.png]
[wowtheme7.com/tf/agiletech/assets/img/home-10/13.png]
[wowtheme7.com/tf/agiletech/assets/img/home-10/14.png]
[wowtheme7.com/tf/agiletech/assets/img/home-10/16.png]
[wowtheme7.com/tf/agiletech/assets/img/home-10/17.png]
[wowtheme7.com/tf/agiletech/assets/img/home-10/18.png]
[wowtheme7.com/tf/agiletech/assets/img/home-10/19.png]
[wowtheme7.com/tf/agiletech/assets/img/home-10/20.png]
[wowtheme7.com/tf/agiletech/assets/img/home-10/21.png]
[wowtheme7.com/tf/agiletech/assets/img/home-10/22.png]
[wowtheme7.com/tf/agiletech/assets/img/home-10/23.png]
[wowtheme7.com/tf/agiletech/assets/img/home-10/24.png]
[wowtheme7.com/tf/agiletech/assets/img/home-10/25.png]
[wowtheme7.com/tf/agiletech/assets/img/home-10/26.png]
[wowtheme7.com/tf/agiletech/assets/img/home-10/28.png]
[wowtheme7.com/tf/agiletech/assets/img/home-10/27.png]
[wowtheme7.com/tf/agiletech/assets/img/home-10/29.png]
[wowtheme7.com/tf/agiletech/assets/img/home-10/32.png]
[wowtheme7.com/tf/agiletech/assets/img/home-10/33.png]
[wowtheme7.com/tf/agiletech/assets/img/home-10/34.png]
[wowtheme7.com/tf/agiletech/assets/img/home-10/35.png]
[wowtheme7.com/tf/agiletech/assets/img/home-10/36.png]
[wowtheme7.com/tf/agiletech/assets/img/home-10/37.png]
[wowtheme7.com/tf/agiletech/assets/img/home-10/38.png]
[wowtheme7.com/tf/agiletech/assets/img/home-10/39.png]
[wowtheme7.com/tf/agiletech/assets/img/home-10/40.png]
[wowtheme7.com/tf/agiletech/assets/img/home-10/41.png]
[wowtheme7.com/tf/agiletech/index-10.html]
[wowtheme7.com/tf/agiletech/assets/img/bg/7.png]
[wowtheme7.com/tf/agiletech/service.html]
[wowtheme7.com/tf/agiletech/service-2.html]
[wowtheme7.com/tf/agiletech/service-3.html]
[wowtheme7.com/tf/agiletech/service-4.html]
[wowtheme7.com/tf/agiletech/service-5.html]
[wowtheme7.com/tf/agiletech/assets/img/about/9.png]
[wowtheme7.com/tf/agiletech/assets/img/service/7.png]
[wowtheme7.com/tf/agiletech/service-details.html]
[wowtheme7.com/tf/agiletech/about.html]
[wowtheme7.com/tf/agiletech/team.html]
[wowtheme7.com/tf/agiletech/team-2.html]
[wowtheme7.com/tf/agiletech/team-3.html]
[wowtheme7.com/tf/agiletech/assets/img/team/7.png]
[wowtheme7.com/tf/agiletech/team-details.html]
[wowtheme7.com/tf/agiletech/pricing.html]
[wowtheme7.com/tf/agiletech/pricing-2.html]
[wowtheme7.com/tf/agiletech/project.html]
[wowtheme7.com/tf/agiletech/project-2.html]
[wowtheme7.com/tf/agiletech/project-3.html]
[wowtheme7.com/tf/agiletech/project-details.html]
[wowtheme7.com/tf/agiletech/assets/img/blog/1.png]
[wowtheme7.com/tf/agiletech/assets/img/blog/2.png]
[wowtheme7.com/tf/agiletech/assets/img/blog/3.png]
[wowtheme7.com/tf/agiletech/assets/img/about/7.png]
[wowtheme7.com/tf/agiletech/assets/img/widget/3.png]
[wowtheme7.com/tf/agiletech/blog.html]
[wowtheme7.com/tf/agiletech/assets/img/blog/7.png]
[wowtheme7.com/tf/agiletech/assets/img/blog/8.png]
[wowtheme7.com/tf/agiletech/assets/img/blog/9.png]
[wowtheme7.com/tf/agiletech/blog-2.html]
[wowtheme7.com/tf/agiletech/blog-3.html]
[wowtheme7.com/tf/agiletech/blog-4.html]
[wowtheme7.com/tf/agiletech/assets/img/about/8.png]
[wowtheme7.com/tf/agiletech/blog-details.html]
[wowtheme7.com/tf/agiletech/assets/img/icon/13.svg]
[wowtheme7.com/tf/agiletech/assets/img/icon/14.svg]
[wowtheme7.com/tf/agiletech/contact.html]
[wowtheme7.com/tf/agiletech/assets/img/video.svg]
[wowtheme7.com/tf/agiletech/assets/img/service-icon/7.svg]
[wowtheme7.com/tf/agiletech/assets/img/service-icon/8.svg]
[wowtheme7.com/tf/agiletech/assets/img/service-icon/9.svg]
[wowtheme7.com/tf/agiletech/assets/img/service-icon/10.svg]
[wowtheme7.com/tf/agiletech/assets/img/service-icon/11.svg]
[wowtheme7.com/tf/agiletech/assets/img/service-icon/12.svg]
[wowtheme7.com/tf/agiletech/assets/img/icon/36.svg]
[wowtheme7.com/tf/agiletech/assets/img/icon/37.svg]
[wowtheme7.com/tf/agiletech/assets/img/icon/38.svg]
[wowtheme7.com/tf/agiletech/assets/img/icon/39.svg]
[wowtheme7.com/tf/agiletech/assets/img/icon/40.svg]
[wowtheme7.com/tf/agiletech/assets/img/icon/15.svg]
[wowtheme7.com/tf/agiletech/assets/webfonts/fa-brands-400.svg]
[wowtheme7.com/tf/agiletech/assets/webfonts/fa-regular-400.svg]
[wowtheme7.com/tf/agiletech/assets/webfonts/fa-solid-900.svg]
[wowtheme7.com/tf/agiletech/assets/css/owl.video.play.html]
[wowtheme7.com/tf/agiletech/demo-landing/css/bootstrap.min.css]
[wowtheme7.com/tf/agiletech/demo-landing/css/animate.css]
[wowtheme7.com/tf/agiletech/demo-landing/fonts/fontawesome-webfont3e6e.woff2]
[wowtheme7.com/tf/agiletech/demo-landing/fonts/fontawesome-webfont3e6e.woff]
[wowtheme7.com/tf/agiletech/demo-landing/fonts/fontawesome-webfont3e6e.eot]
[wowtheme7.com/tf/agiletech/demo-landing/fonts/fontawesome-webfontd41d.eot]
[wowtheme7.com/tf/agiletech/demo-landing/css/font-awesome.min.css]
[wowtheme7.com/tf/agiletech/demo-landing/css/mfp.min.css]
[wowtheme7.com/tf/agiletech/demo-landing/css/style.css]
[wowtheme7.com/tf/agiletech/log-in.html]
[wowtheme7.com/tf/agiletech/demo-landing/img/add-to-cart.svg]
[wowtheme7.com/tf/agiletech/demo-landing/img/4.html]
[wowtheme7.com/tf/agiletech/assets/img/banner/5.svg]
[wowtheme7.com/tf/agiletech/assets/img/banner/3.svg]
[wowtheme7.com/tf/agiletech/assets/img/banner/4.svg]
[wowtheme7.com/tf/agiletech/assets/img/icon/5.svg]
[wowtheme7.com/tf/agiletech/assets/img/icon/6.svg]
[wowtheme7.com/tf/agiletech/assets/img/icon/7.svg]
[wowtheme7.com/tf/agiletech/assets/img/icon/8.svg]
[wowtheme7.com/tf/agiletech/assets/img/icon/9.svg]
[wowtheme7.com/tf/agiletech/assets/img/icon/10.svg]
[wowtheme7.com/tf/agiletech/assets/img/icon/11.svg]
[wowtheme7.com/tf/agiletech/assets/img/icon/12.svg]
[wowtheme7.com/tf/agiletech/assets/img/icon/16.svg]
[wowtheme7.com/tf/agiletech/assets/img/icon/17.svg]
[wowtheme7.com/tf/agiletech/assets/img/icon/18.svg]
[wowtheme7.com/tf/agiletech/assets/img/icon/19.svg]
[wowtheme7.com/tf/agiletech/assets/img/icon/20.svg]
[wowtheme7.com/tf/agiletech/assets/img/icon/21.svg]
[wowtheme7.com/tf/agiletech/assets/img/icon/22.svg]
[wowtheme7.com/tf/agiletech/assets/img/icon/23.svg]
[wowtheme7.com/tf/agiletech/assets/img/banner-3/2.svg]
[wowtheme7.com/tf/agiletech/assets/img/banner-3/3.svg]
[wowtheme7.com/tf/agiletech/assets/img/client/1.svg]
[wowtheme7.com/tf/agiletech/assets/img/client/2.svg]
[wowtheme7.com/tf/agiletech/assets/img/client/3.svg]
[wowtheme7.com/tf/agiletech/assets/img/client/4.svg]
[wowtheme7.com/tf/agiletech/assets/img/client/5.svg]
[wowtheme7.com/tf/agiletech/assets/img/client/6.svg]
[wowtheme7.com/tf/agiletech/assets/img/icon/26.svg]
[wowtheme7.com/tf/agiletech/assets/img/icon/27.svg]
[wowtheme7.com/tf/agiletech/assets/img/icon/28.svg]
[wowtheme7.com/tf/agiletech/assets/img/icon/29.svg]
[wowtheme7.com/tf/agiletech/assets/img/icon/30.svg]
[wowtheme7.com/tf/agiletech/assets/img/icon/31.svg]
[wowtheme7.com/tf/agiletech/assets/img/icon/32.svg]
[wowtheme7.com/tf/agiletech/assets/img/icon/33.svg]
[wowtheme7.com/tf/agiletech/assets/img/icon/34.svg]
[wowtheme7.com/tf/agiletech/assets/img/icon/35.svg]
[wowtheme7.com/tf/agiletech/assets/img/client/7.svg]
[wowtheme7.com/tf/agiletech/assets/img/client/8.svg]
[wowtheme7.com/tf/agiletech/assets/img/client/9.svg]
[wowtheme7.com/tf/agiletech/assets/img/client/11.svg]
[wowtheme7.com/tf/agiletech/assets/css/style-pink.css]
[wowtheme7.com/tf/agiletech/assets/css/style-yellow.css]
[wowtheme7.com/tf/agiletech/assets/css/style-purple.css]
[wowtheme7.com/tf/agiletech/assets/css/style-red.css]
[wowtheme7.com/tf/agiletech/assets/img/icon/13.svg]
[wowtheme7.com/tf/agiletech/assets/img/icon/14.svg]
[wowtheme7.com/tf/agiletech/assets/img/icon/15.svg]
[wowtheme7.com/tf/agiletech/demo-landing/fonts/fontawesome-webfont3e6e.ttf]
[wowtheme7.com/tf/agiletech/demo-landing/fonts/fontawesome-webfont3e6e.svg]
[wowtheme7.com/tf/agiletech/demo-landing/fonts/fontawesome-webfont3e6e.svg]
